Mon Aug 17 16:06:53 2020:timed out
Mon Aug 17 16:06:56 2020:timed out
Mon Aug 17 16:06:59 2020:timed out
Mon Aug 17 16:07:02 2020:timed out
Mon Aug 17 16:07:05 2020:timed out
Mon Aug 17 16:07:08 2020:timed out
Mon Aug 17 16:07:11 2020:timed out
Mon Aug 17 16:07:14 2020:timed out
Mon Aug 17 16:07:17 2020:timed out
Mon Aug 17 16:08:01 2020:timed out
Mon Aug 17 16:08:04 2020:timed out
